current directory: /home/kaliyg/workspace/melue-foundation/melue-backend/vendor/bundle/ruby/3.3.0/gems/bcrypt-3.1.22/ext/mri
/usr/bin/ruby3.3 -I/usr/lib/ruby/vendor_ruby extconf.rb
creating Makefile

current directory: /home/kaliyg/workspace/melue-foundation/melue-backend/vendor/bundle/ruby/3.3.0/gems/bcrypt-3.1.22/ext/mri
make -j13 DESTDIR\= sitearchdir\=./.gem.20260805-15036-h1zhtj sitelibdir\=./.gem.20260805-15036-h1zhtj clean

current directory: /home/kaliyg/workspace/melue-foundation/melue-backend/vendor/bundle/ruby/3.3.0/gems/bcrypt-3.1.22/ext/mri
make -j13 DESTDIR\= sitearchdir\=./.gem.20260805-15036-h1zhtj sitelibdir\=./.gem.20260805-15036-h1zhtj
compiling bcrypt_ext.c
compiling crypt_blowfish.c
compiling crypt_gensalt.c
x86_64-linux-gnu-gcc  -D__SKIP_GNU -Wdate-time -D_FORTIFY_SOURCE=2    -c -o x86.o x86.S
compiling wrapper.c
wrapper.c:182:60: warning: ‘struct crypt_data’ declared inside parameter list will not be visible outside of this definition or declaration
  182 | char *crypt_r(const char *key, const char *setting, struct crypt_data *data)
      |                                                            ^~~~~~~~~~
linking shared-object bcrypt_ext.so

current directory: /home/kaliyg/workspace/melue-foundation/melue-backend/vendor/bundle/ruby/3.3.0/gems/bcrypt-3.1.22/ext/mri
make -j13 DESTDIR\= sitearchdir\=./.gem.20260805-15036-h1zhtj sitelibdir\=./.gem.20260805-15036-h1zhtj install
/usr/bin/install -c -m 0755 bcrypt_ext.so ./.gem.20260805-15036-h1zhtj

current directory: /home/kaliyg/workspace/melue-foundation/melue-backend/vendor/bundle/ruby/3.3.0/gems/bcrypt-3.1.22/ext/mri
make DESTDIR\= sitearchdir\=./.gem.20260805-15036-h1zhtj sitelibdir\=./.gem.20260805-15036-h1zhtj clean
